------------------------------------------------------------
Timing Analyzer Summary
------------------------------------------------------------

Type  : Slow 1100mV 85C Model Setup 'clk'
Slack : -8.808
TNS   : -7666.725

Type  : Slow 1100mV 85C Model Hold 'clk'
Slack : 2.170
TNS   : 0.000

Type  : Slow 1100mV 85C Model Minimum Pulse Width 'clk'
Slack : -0.724
TNS   : -1106.773

Type  : Slow 1100mV 0C Model Setup 'clk'
Slack : -8.908
TNS   : -7666.472

Type  : Slow 1100mV 0C Model Hold 'clk'
Slack : 2.048
TNS   : 0.000

Type  : Slow 1100mV 0C Model Minimum Pulse Width 'clk'
Slack : -0.724
TNS   : -1104.992

Type  : Fast 1100mV 85C Model Setup 'clk'
Slack : -3.983
TNS   : -3136.603

Type  : Fast 1100mV 85C Model Hold 'clk'
Slack : 0.855
TNS   : 0.000

Type  : Fast 1100mV 85C Model Minimum Pulse Width 'clk'
Slack : -0.091
TNS   : -82.639

Type  : Fast 1100mV 0C Model Setup 'clk'
Slack : -3.442
TNS   : -2721.446

Type  : Fast 1100mV 0C Model Hold 'clk'
Slack : 0.766
TNS   : 0.000

Type  : Fast 1100mV 0C Model Minimum Pulse Width 'clk'
Slack : -0.090
TNS   : -83.440

------------------------------------------------------------
